run=17 service=checkout environment=production
started_at=2026-09-19T09:00:00Z
heartbeat=001 status=ok latency_ms=12
heartbeat=002 status=ok latency_ms=12
heartbeat=003 status=ok latency_ms=12
heartbeat=004 status=ok latency_ms=12
heartbeat=005 status=ok latency_ms=12
heartbeat=006 status=ok latency_ms=12
heartbeat=007 status=ok latency_ms=12
heartbeat=008 status=ok latency_ms=12
heartbeat=009 status=ok latency_ms=12
heartbeat=010 status=ok latency_ms=12
heartbeat=011 status=ok latency_ms=12
heartbeat=012 status=ok latency_ms=12
heartbeat=013 status=ok latency_ms=12
heartbeat=014 status=ok latency_ms=12
heartbeat=015 status=ok latency_ms=12
heartbeat=016 status=ok latency_ms=12
heartbeat=017 status=ok latency_ms=12
heartbeat=018 status=ok latency_ms=12
heartbeat=019 status=ok latency_ms=12
heartbeat=020 status=ok latency_ms=12
heartbeat=021 status=ok latency_ms=12
heartbeat=022 status=ok latency_ms=12
heartbeat=023 status=ok latency_ms=12
heartbeat=024 status=ok latency_ms=12
heartbeat=025 status=ok latency_ms=12
heartbeat=026 status=ok latency_ms=12
heartbeat=027 status=ok latency_ms=12
heartbeat=028 status=ok latency_ms=12
heartbeat=029 status=ok latency_ms=12
heartbeat=030 status=ok latency_ms=12
heartbeat=031 status=ok latency_ms=12
heartbeat=032 status=ok latency_ms=12
heartbeat=033 status=ok latency_ms=12
heartbeat=034 status=ok latency_ms=12
heartbeat=035 status=ok latency_ms=12
heartbeat=036 status=ok latency_ms=12
heartbeat=037 status=ok latency_ms=12
heartbeat=038 status=ok latency_ms=12
heartbeat=039 status=ok latency_ms=12
heartbeat=040 status=ok latency_ms=12
heartbeat=041 status=ok latency_ms=12
heartbeat=042 status=ok latency_ms=12
heartbeat=043 status=ok latency_ms=12
heartbeat=044 status=ok latency_ms=12
heartbeat=045 status=ok latency_ms=12
heartbeat=046 status=ok latency_ms=12
heartbeat=047 status=ok latency_ms=12
heartbeat=048 status=ok latency_ms=12
heartbeat=049 status=ok latency_ms=12
heartbeat=050 status=ok latency_ms=12
heartbeat=051 status=ok latency_ms=12
heartbeat=052 status=ok latency_ms=12
heartbeat=053 status=ok latency_ms=12
heartbeat=054 status=ok latency_ms=12
heartbeat=055 status=ok latency_ms=12
heartbeat=056 status=ok latency_ms=12
heartbeat=057 status=ok latency_ms=12
heartbeat=058 status=ok latency_ms=12
heartbeat=059 status=ok latency_ms=12
heartbeat=060 status=ok latency_ms=12
heartbeat=061 status=ok latency_ms=12
heartbeat=062 status=ok latency_ms=12
heartbeat=063 status=ok latency_ms=12
heartbeat=064 status=ok latency_ms=12
heartbeat=065 status=ok latency_ms=12
heartbeat=066 status=ok latency_ms=12
heartbeat=067 status=ok latency_ms=12
heartbeat=068 status=ok latency_ms=12
heartbeat=069 status=ok latency_ms=12
heartbeat=070 status=ok latency_ms=12
heartbeat=071 status=ok latency_ms=12
heartbeat=072 status=ok latency_ms=12
heartbeat=073 status=ok latency_ms=12
heartbeat=074 status=ok latency_ms=12
heartbeat=075 status=ok latency_ms=12
heartbeat=076 status=ok latency_ms=12
heartbeat=077 status=ok latency_ms=12
heartbeat=078 status=ok latency_ms=12
heartbeat=079 status=ok latency_ms=12
heartbeat=080 status=ok latency_ms=12
rollback_check=FAILED reason=missing_permission
release_gate=BLOCKED
